
running 0 tests

test result: ok. 0 passed; 0 failed; 0 ignored; 0 measured; 0 filtered out; finished in 0.00s


running 0 tests

test result: ok. 0 passed; 0 failed; 0 ignored; 0 measured; 0 filtered out; finished in 0.00s


running 7 tests
test test_mutable_variables ... ok
test test_simple_arithmetic ... ok
test test_local_variables ... ok
test test_while_loop_exits_correctly ... ok
test test_if_else_statement ... ok
test test_stateful_while_loop ... ok
test test_variable_scoping ... FAILED

failures:

failures:
    test_variable_scoping

test result: FAILED. 6 passed; 1 failed; 0 ignored; 0 measured; 0 filtered out; finished in 0.00s

